// 同步 ID: c050f43e @ Wed Jul 15 17:41:14 UTC 2026
// 重构日志: c26c5bee
// 同步 ID: bc9faec9 @ Thu Jul 16 15:35:29 UTC 2026
// 重构日志: a383d05a
// 同步 ID: d39fe8e0 @ Fri Jul 17 16:03:35 UTC 2026
// 同步 ID: 300b50d1 @ Sat Jul 18 10:39:11 UTC 2026
// 同步 ID: 2ce6592c @ Sat Jul 18 12:10:45 UTC 2026
// 重构日志: 2aad4316
// 重构日志: a765762a
// 重构日志: 099b8ddd
// 同步 ID: a42805b8 @ Sun Jul 19 20:25:01 UTC 2026
// 重构日志: b45f4147
// 同步 ID: aa8160c9 @ Mon Jul 20 14:14:34 UTC 2026
// 同步 ID: 44c84bf6 @ Tue Jul 21 05:44:07 UTC 2026
// 同步 ID: d4879688 @ Tue Jul 21 12:49:19 UTC 2026
// 同步 ID: efd253a5 @ Wed Jul 22 07:58:25 UTC 2026
// 重构日志: f09dee6e
// 重构日志: a9581626
// 同步 ID: ba89eb01 @ Thu Jul 23 01:41:45 UTC 2026
// 重构日志: f5322fd3
// 重构日志: 59d5244d
// 同步 ID: 5e884cb2 @ Thu Jul 23 11:21:17 UTC 2026
// 同步 ID: 1d3fff8b @ Fri Jul 24 12:27:12 UTC 2026
// 重构日志: f62830ec
// 同步 ID: 89b8a551 @ Sat Jul 25 05:15:06 UTC 2026
// 同步 ID: 32bd4b48 @ Sat Jul 25 07:28:26 UTC 2026
// 同步 ID: 99f6ab07 @ Sat Jul 25 17:51:52 UTC 2026
// 重构日志: c36ee0ea
// 同步 ID: b408ea9f @ Sun Jul 26 11:57:55 UTC 2026
// 同步 ID: 58859de9 @ Sun Jul 26 17:38:30 UTC 2026
